60 --> CRITICAL --> autogloss.py:Starting /Users/jonathanfascetti/Desktop/Programming/autoglosser_local/autoglosser/cgi-bin/autogloss.py
586 --> DEBUG --> autogloss.py:FieldStorage(None, None, [MiniFieldStorage('moore', 'biis')])
590 --> DEBUG --> autogloss.py:biis
593 --> INFO --> autogloss.py:Refined input
436 --> INFO --> autogloss.py:Main
116 --> INFO --> autogloss.py: 16:01:24.352828 ~~> Match found: biis -> row #19
124 --> INFO --> autogloss.py: 16:01:24.352850 ~~> Moore: 'biis', Gloss: 'grain', English: '['piece', 'unit']'.
505 --> INFO --> autogloss.py: 16:01:24.353223 ~~> No ambiguity found
311 --> INFO --> autogloss.py: Per word output: [biis, grain, grain, biis]
672 --> INFO --> autogloss.py: 16:01:24.353485 ~~> Sucessfully executed.
